mysql> use warehouse;
Database changed
mysql> create table products (p_id int not null auto_increment,p_name varchar(20) not null, cost float not null default 0.0,price float not null
default 0.0, primary key(p_id));
Query OK, rows affected (0.01 sec)
mysql> insert into products values("Basic widget",5,8), ("Micro widget",1.50,3.5), ("Mega widget", 100,200); ERROR 1136 (21S01): Column count doesn't match value count at row 1
mysql> insert into products (p_name, cost,price) values ("Basic widget",5,8), ("Micro widget", 1.50,3.5), ("Mega widget",100,200);
Query OK, 3 rows affected (0.00 sec)
Records: 3 Duplicates: 0 Warnings: 0

mysql> DELIMITER $$
create function calcProfit ( cost FLOAT, price float) RETURNS DECIMAL (9,2)
BEGIN
DECLARE profit DECIMAL (9,2);
SET profit = price - cost;
REURN profit;
END$$
DELIMITER;


mysql> select *,calcProfit (cost,price) as profit from products;

mysql> DELIMITER $$
CREATE procedure procedureTest()
BEGIN
SELECT p_name from products;
END$$
DELIMITER;

Hence, we studied the concepts of creating a function and
procedure and performing operation on the table using those functions on
MySQL server.
